// Jest Snapshot v1, https://goo.gl/fbAQLP

exports[`<Sidebar /> matches snapshot 1`] = `
<body>
  <div>
    <a
      class="sc-bczRLJ kiajAT"
      font-size="2"
      font-weight="body"
      href="url"
    >
      text
    </a>
  </div>
</body>
`;
