// Jest Snapshot v1, https://goo.gl/fbAQLP

exports[`<NavLinkChildWrapper /> matches snapshot 1`] = `
<body>
  <div>
    <div
      class="sc-bczRLJ sc-gsnTZi crhLqw hzPtvw nav-link-child-wrapper"
      font-family="heading"
      font-size="2"
    >
      children
    </div>
  </div>
</body>
`;
